../Core/Inc/systeminit.h:18:6:clockinit	8	static
../Core/Inc/systeminit.h:49:6:init	0	static
../Core/Inc/systeminit.h:151:6:opamp_init	0	static
../Core/Inc/systeminit.h:178:6:adc_init	8	static,ignoring_inline_asm
../Core/Inc/timerinit.h:11:7:timer7init	0	static,ignoring_inline_asm
../Core/Inc/timerinit.h:26:7:timer1init	0	static
../Core/Inc/timerinit.h:80:7:timer6init	0	static,ignoring_inline_asm
../Core/Inc/timerinit.h:97:7:setdutycycle	0	static
../Core/Src/main.c:40:6:TIM7_IRQHandler	0	static
../Core/Src/main.c:69:6:ADC1_2_IRQHandler	40	static
../Core/Src/main.c:157:6:alinharsensor	8	static
../Core/Src/main.c:187:6:teste_geracao_onda	16	static,ignoring_inline_asm
../Core/Src/main.c:222:5:main	8	static
