../Core/Inc/systeminit.h:18:6:clockinit	3
../Core/Inc/systeminit.h:49:6:init	1
../Core/Inc/systeminit.h:151:6:opamp_init	1
../Core/Inc/systeminit.h:178:6:adc_init	7
../Core/Inc/timerinit.h:11:7:timer7init	1
../Core/Inc/timerinit.h:26:7:timer1init	1
../Core/Inc/timerinit.h:80:7:timer6init	1
../Core/Inc/timerinit.h:97:7:setdutycycle	7
../Core/Src/main.c:40:6:TIM7_IRQHandler	3
../Core/Src/main.c:69:6:ADC1_2_IRQHandler	13
../Core/Src/main.c:157:6:alinharsensor	4
../Core/Src/main.c:187:6:teste_geracao_onda	3
../Core/Src/main.c:222:5:main	1
