../Core/Inc/systeminit.h:18:6:clockinit	3
../Core/Inc/systeminit.h:49:6:init	1
../Core/Inc/systeminit.h:151:6:opamp_init	1
../Core/Inc/systeminit.h:178:6:adc_init	7
../Core/Inc/timerinit.h:11:7:timer7init	1
../Core/Inc/timerinit.h:26:7:timer1init	1
../Core/Inc/timerinit.h:80:7:timer6init	1
../Core/Inc/timerinit.h:97:7:setdutycycle	7
../Core/Inc/mysin.h:112:7:fastsin	2
../Core/Inc/mysin.h:229:7:fastcos	2
../Core/Src/main.c:31:6:TIM7_IRQHandler	6
../Core/Src/main.c:100:6:ADC1_2_IRQHandler	4
../Core/Src/main.c:161:6:alinharsensor	3
../Core/Src/main.c:183:5:main	1
