../Core/Inc/systeminit.h:18:6:clockinit	8	static
../Core/Inc/systeminit.h:49:6:init	0	static
../Core/Inc/systeminit.h:159:6:opamp_init	0	static
../Core/Inc/systeminit.h:186:6:adc_init	8	static,ignoring_inline_asm
../Core/Inc/timerinit.h:11:7:timer7init	0	static,ignoring_inline_asm
../Core/Inc/timerinit.h:26:7:timer1init	0	static
../Core/Inc/timerinit.h:80:7:timer6init	0	static,ignoring_inline_asm
../Core/Inc/timerinit.h:97:7:setdutycycle	0	static
../Core/Src/main.c:46:6:TIM7_IRQHandler	0	static
../Core/Src/main.c:79:6:ADC1_2_IRQHandler	32	static
../Core/Src/main.c:179:6:alinharsensor	8	static
../Core/Src/main.c:206:5:main	8	static
